Archive member included to satisfy reference by file (symbol)

/mnt/myssd/Programs/st/stm32cubeide_1.16.0/plugins/com.st.stm32cube.ide.mcu.externaltools.gnu-tools-for-stm32.12.3.rel1.linux64_1.0.200.202406132123/tools/bin/../lib/gcc/arm-none-eabi/12.3.1/../../../../arm-none-eabi/lib/thumb/v7e-m/nofp/libc_nano.a(libc_a-exit.o)
                              /mnt/myssd/Programs/st/stm32cubeide_1.16.0/plugins/com.st.stm32cube.ide.mcu.externaltools.gnu-tools-for-stm32.12.3.rel1.linux64_1.0.200.202406132123/tools/bin/../lib/gcc/arm-none-eabi/12.3.1/../../../../arm-none-eabi/lib/thumb/v7e-m/nofp/crt0.o (exit)
/mnt/myssd/Programs/st/stm32cubeide_1.16.0/plugins/com.st.stm32cube.ide.mcu.externaltools.gnu-tools-for-stm32.12.3.rel1.linux64_1.0.200.202406132123/tools/bin/../lib/gcc/arm-none-eabi/12.3.1/../../../../arm-none-eabi/lib/thumb/v7e-m/nofp/libc_nano.a(libc_a-findfp.o)
                              /mnt/myssd/Programs/st/stm32cubeide_1.16.0/plugins/com.st.stm32cube.ide.mcu.externaltools.gnu-tools-for-stm32.12.3.rel1.linux64_1.0.200.202406132123/tools/bin/../lib/gcc/arm-none-eabi/12.3.1/../../../../arm-none-eabi/lib/thumb/v7e-m/nofp/libc_nano.a(libc_a-exit.o) (__stdio_exit_handler)
/mnt/myssd/Programs/st/stm32cubeide_1.16.0/plugins/com.st.stm32cube.ide.mcu.externaltools.gnu-tools-for-stm32.12.3.rel1.linux64_1.0.200.202406132123/tools/bin/../lib/gcc/arm-none-eabi/12.3.1/../../../../arm-none-eabi/lib/thumb/v7e-m/nofp/libc_nano.a(libc_a-fwalk.o)
                              /mnt/myssd/Programs/st/stm32cubeide_1.16.0/plugins/com.st.stm32cube.ide.mcu.externaltools.gnu-tools-for-stm32.12.3.rel1.linux64_1.0.200.202406132123/tools/bin/../lib/gcc/arm-none-eabi/12.3.1/../../../../arm-none-eabi/lib/thumb/v7e-m/nofp/libc_nano.a(libc_a-findfp.o) (_fwalk_sglue)
/mnt/myssd/Programs/st/stm32cubeide_1.16.0/plugins/com.st.stm32cube.ide.mcu.externaltools.gnu-tools-for-stm32.12.3.rel1.linux64_1.0.200.202406132123/tools/bin/../lib/gcc/arm-none-eabi/12.3.1/../../../../arm-none-eabi/lib/thumb/v7e-m/nofp/libc_nano.a(libc_a-stdio.o)
                              /mnt/myssd/Programs/st/stm32cubeide_1.16.0/plugins/com.st.stm32cube.ide.mcu.externaltools.gnu-tools-for-stm32.12.3.rel1.linux64_1.0.200.202406132123/tools/bin/../lib/gcc/arm-none-eabi/12.3.1/../../../../arm-none-eabi/lib/thumb/v7e-m/nofp/libc_nano.a(libc_a-findfp.o) (__sread)
/mnt/myssd/Programs/st/stm32cubeide_1.16.0/plugins/com.st.stm32cube.ide.mcu.externaltools.gnu-tools-for-stm32.12.3.rel1.linux64_1.0.200.202406132123/tools/bin/../lib/gcc/arm-none-eabi/12.3.1/../../../../arm-none-eabi/lib/thumb/v7e-m/nofp/libc_nano.a(libc_a-memset.o)
                              /mnt/myssd/Programs/st/stm32cubeide_1.16.0/plugins/com.st.stm32cube.ide.mcu.externaltools.gnu-tools-for-stm32.12.3.rel1.linux64_1.0.200.202406132123/tools/bin/../lib/gcc/arm-none-eabi/12.3.1/../../../../arm-none-eabi/lib/thumb/v7e-m/nofp/crt0.o (memset)
/mnt/myssd/Programs/st/stm32cubeide_1.16.0/plugins/com.st.stm32cube.ide.mcu.externaltools.gnu-tools-for-stm32.12.3.rel1.linux64_1.0.200.202406132123/tools/bin/../lib/gcc/arm-none-eabi/12.3.1/../../../../arm-none-eabi/lib/thumb/v7e-m/nofp/libc_nano.a(libc_a-closer.o)
                              /mnt/myssd/Programs/st/stm32cubeide_1.16.0/plugins/com.st.stm32cube.ide.mcu.externaltools.gnu-tools-for-stm32.12.3.rel1.linux64_1.0.200.202406132123/tools/bin/../lib/gcc/arm-none-eabi/12.3.1/../../../../arm-none-eabi/lib/thumb/v7e-m/nofp/libc_nano.a(libc_a-stdio.o) (_close_r)
/mnt/myssd/Programs/st/stm32cubeide_1.16.0/plugins/com.st.stm32cube.ide.mcu.externaltools.gnu-tools-for-stm32.12.3.rel1.linux64_1.0.200.202406132123/tools/bin/../lib/gcc/arm-none-eabi/12.3.1/../../../../arm-none-eabi/lib/thumb/v7e-m/nofp/libc_nano.a(libc_a-reent.o)
                              /mnt/myssd/Programs/st/stm32cubeide_1.16.0/plugins/com.st.stm32cube.ide.mcu.externaltools.gnu-tools-for-stm32.12.3.rel1.linux64_1.0.200.202406132123/tools/bin/../lib/gcc/arm-none-eabi/12.3.1/../../../../arm-none-eabi/lib/thumb/v7e-m/nofp/libc_nano.a(libc_a-closer.o) (errno)
/mnt/myssd/Programs/st/stm32cubeide_1.16.0/plugins/com.st.stm32cube.ide.mcu.externaltools.gnu-tools-for-stm32.12.3.rel1.linux64_1.0.200.202406132123/tools/bin/../lib/gcc/arm-none-eabi/12.3.1/../../../../arm-none-eabi/lib/thumb/v7e-m/nofp/libc_nano.a(libc_a-impure.o)
                              /mnt/myssd/Programs/st/stm32cubeide_1.16.0/plugins/com.st.stm32cube.ide.mcu.externaltools.gnu-tools-for-stm32.12.3.rel1.linux64_1.0.200.202406132123/tools/bin/../lib/gcc/arm-none-eabi/12.3.1/../../../../arm-none-eabi/lib/thumb/v7e-m/nofp/libc_nano.a(libc_a-reent.o) (_impure_ptr)
/mnt/myssd/Programs/st/stm32cubeide_1.16.0/plugins/com.st.stm32cube.ide.mcu.externaltools.gnu-tools-for-stm32.12.3.rel1.linux64_1.0.200.202406132123/tools/bin/../lib/gcc/arm-none-eabi/12.3.1/../../../../arm-none-eabi/lib/thumb/v7e-m/nofp/libc_nano.a(libc_a-lseekr.o)
[...]
Memory Configuration

Name             Origin             Length             Attributes
RAM              0x20000000         0x00020000         xrw
FLASH            0x08000000         0x00080000         xr
*default*        0x00000000         0xffffffff

Linker script and memory map

LOAD /mnt/myssd/Programs/st/stm32cubeide_1.16.0/plugins/com.st.stm32cube.ide.mcu.externaltools.gnu-tools-for-stm32.12.3.rel1.linux64_1.0.200.202406132123/tools/bin/../lib/gcc/arm-none-eabi/12.3.1/thumb/v7e-m/nofp/crti.o
LOAD /mnt/myssd/Programs/st/stm32cubeide_1.16.0/plugins/com.st.stm32cube.ide.mcu.externaltools.gnu-tools-for-stm32.12.3.rel1.linux64_1.0.200.202406132123/tools/bin/../lib/gcc/arm-none-eabi/12.3.1/thumb/v7e-m/nofp/crtbegin.o
LOAD /mnt/myssd/Programs/st/stm32cubeide_1.16.0/plugins/com.st.stm32cube.ide.mcu.externaltools.gnu-tools-for-stm32.12.3.rel1.linux64_1.0.200.202406132123/tools/bin/../lib/gcc/arm-none-eabi/12.3.1/../../../../arm-none-eabi/lib/thumb/v7e-m/nofp/crt0.o
LOAD ./Drivers/Src/stm32f446xx_gpio_driver.o
LOAD ./Src/001Led_Toggle.o
LOAD ./Src/syscalls.o
LOAD ./Src/sysmem.o
LOAD ./Startup/startup_stm32f446retx.o
START GROUP
LOAD /mnt/myssd/Programs/st/stm32cubeide_1.16.0/plugins/com.st.stm32cube.ide.mcu.externaltools.gnu-tools-for-stm32.12.3.rel1.linux64_1.0.200.202406132123/tools/bin/../lib/gcc/arm-none-eabi/12.3.1/../../../../arm-none-eabi/lib/thumb/v7e-m/nofp/libc_nano.a
LOAD /mnt/myssd/Programs/st/stm32cubeide_1.16.0/plugins/com.st.stm32cube.ide.mcu.externaltools.gnu-tools-for-stm32.12.3.rel1.linux64_1.0.200.202406132123/tools/bin/../lib/gcc/arm-none-eabi/12.3.1/../../../../arm-none-eabi/lib/thumb/v7e-m/nofp/libm.a
END GROUP
START GROUP
LOAD /mnt/myssd/Programs/st/stm32cubeide_1.16.0/plugins/com.st.stm32cube.ide.mcu.externaltools.gnu-tools-for-stm32.12.3.rel1.linux64_1.0.200.202406132123/tools/bin/../lib/gcc/arm-none-eabi/12.3.1/thumb/v7e-m/nofp/libgcc.a
LOAD /mnt/myssd/Programs/st/stm32cubeide_1.16.0/plugins/com.st.stm32cube.ide.mcu.externaltools.gnu-tools-for-stm32.12.3.rel1.linux64_1.0.200.202406132123/tools/bin/../lib/gcc/arm-none-eabi/12.3.1/../../../../arm-none-eabi/lib/thumb/v7e-m/nofp/libc_nano.a
END GROUP
START GROUP
LOAD /mnt/myssd/Programs/st/stm32cubeide_1.16.0/plugins/com.st.stm32cube.ide.mcu.externaltools.gnu-tools-for-stm32.12.3.rel1.linux64_1.0.200.202406132123/tools/bin/../lib/gcc/arm-none-eabi/12.3.1/thumb/v7e-m/nofp/libgcc.a
LOAD /mnt/myssd/Programs/st/stm32cubeide_1.16.0/plugins/com.st.stm32cube.ide.mcu.externaltools.gnu-tools-for-stm32.12.3.rel1.linux64_1.0.200.202406132123/tools/bin/../lib/gcc/arm-none-eabi/12.3.1/../../../../arm-none-eabi/lib/thumb/v7e-m/nofp/libc_nano.a
LOAD /mnt/myssd/Programs/st/stm32cubeide_1.16.0/plugins/com.st.stm32cube.ide.mcu.externaltools.gnu-tools-for-stm32.12.3.rel1.linux64_1.0.200.202406132123/tools/bin/../lib/gcc/arm-none-eabi/12.3.1/../../../../arm-none-eabi/lib/thumb/v7e-m/nofp/libnosys.a
END GROUP
START GROUP
LOAD /mnt/myssd/Programs/st/stm32cubeide_1.16.0/plugins/com.st.stm32cube.ide.mcu.externaltools.gnu-tools-for-stm32.12.3.rel1.linux64_1.0.200.202406132123/tools/bin/../lib/gcc/arm-none-eabi/12.3.1/thumb/v7e-m/nofp/libgcc.a
LOAD /mnt/myssd/Programs/st/stm32cubeide_1.16.0/plugins/com.st.stm32cube.ide.mcu.externaltools.gnu-tools-for-stm32.12.3.rel1.linux64_1.0.200.202406132123/tools/bin/../lib/gcc/arm-none-eabi/12.3.1/../../../../arm-none-eabi/lib/thumb/v7e-m/nofp/libc_nano.a
LOAD /mnt/myssd/Programs/st/stm32cubeide_1.16.0/plugins/com.st.stm32cube.ide.mcu.externaltools.gnu-tools-for-stm32.12.3.rel1.linux64_1.0.200.202406132123/tools/bin/../lib/gcc/arm-none-eabi/12.3.1/../../../../arm-none-eabi/lib/thumb/v7e-m/nofp/libnosys.a
END GROUP
LOAD /mnt/myssd/Programs/st/stm32cubeide_1.16.0/plugins/com.st.stm32cube.ide.mcu.externaltools.gnu-tools-for-stm32.12.3.rel1.linux64_1.0.200.202406132123/tools/bin/../lib/gcc/arm-none-eabi/12.3.1/thumb/v7e-m/nofp/crtend.o
LOAD /mnt/myssd/Programs/st/stm32cubeide_1.16.0/plugins/com.st.stm32cube.ide.mcu.externaltools.gnu-tools-for-stm32.12.3.rel1.linux64_1.0.200.202406132123/tools/bin/../lib/gcc/arm-none-eabi/12.3.1/thumb/v7e-m/nofp/crtn.o
                0x20020000                        _estack = (ORIGIN (RAM) + LENGTH (RAM))
                0x00000200                        _Min_Heap_Size = 0x200
                0x00000400                        _Min_Stack_Size = 0x400

.isr_vector     0x08000000      0x1c4
                0x08000000                        . = ALIGN (0x4)
 *(.isr_vector)
 .isr_vector    0x08000000      0x1c4 ./Startup/startup_stm32f446retx.o
                0x08000000                g_pfnVectors
                0x080001c4                        . = ALIGN (0x4)

.text           0x080001c4      0x4b8
                0x080001c4                        . = ALIGN (0x4)
 *(.text)
 .text          0x080001c4       0x40 /mnt/myssd/Programs/st/stm32cubeide_1.16.0/plugins/com.st.stm32cube.ide.mcu.externaltools.gnu-tools-for-stm32.12.3.rel1.linux64_1.0.200.202406132123/tools/bin/../lib/gcc/arm-none-eabi/12.3.1/thumb/v7e-m/nofp/crtbegin.o
 *(.text*)
 .text.GPIO_PeriClockControl
                0x08000204      0x1a0 ./Drivers/Src/stm32f446xx_gpio_driver.o
                0x08000204                GPIO_PeriClockControl
 .text.GPIO_Init
                0x080003a4      0x18c ./Drivers/Src/stm32f446xx_gpio_driver.o
                0x080003a4                GPIO_Init
 .text.GPIO_ToggleOutputPin
                0x08000530       0x28 ./Drivers/Src/stm32f446xx_gpio_driver.o
                0x08000530                GPIO_ToggleOutputPin
 .text.delay    0x08000558       0x2c ./Src/001Led_Toggle.o
                0x08000558                delay
 .text.main     0x08000584       0x44 ./Src/001Led_Toggle.o
                0x08000584                main
 .text.Reset_Handler
                0x080005c8       0x50 ./Startup/startup_stm32f446retx.o
                0x080005c8                Reset_Handler
 .text.Default_Handler
                0x08000618        0x2 ./Startup/startup_stm32f446retx.o
                0x08000618                RTC_Alarm_IRQHandler
                0x08000618                EXTI2_IRQHandler
                0x08000618                TIM8_CC_IRQHandler
                0x08000618                SPDIF_Rx_IRQHandler
                0x08000618                DebugMon_Handler
                0x08000618                SPI4_IRQHandler
                0x08000618                TIM1_CC_IRQHandler
                0x08000618                QuadSPI_IRQHandler
                0x08000618                DMA2_Stream5_IRQHandler
                0x08000618                HardFault_Handler
                0x08000618                DMA1_Stream5_IRQHandler
                0x08000618                SysTick_Handler
                0x08000618                PVD_IRQHandler
                0x08000618                SDIO_IRQHandler
                0x08000618                TAMP_STAMP_IRQHandler
                0x08000618                PendSV_Handler
                0x08000618                NMI_Handler
                0x08000618                CAN2_RX1_IRQHandler
                0x08000618                EXTI3_IRQHandler
                0x08000618                TIM8_TRG_COM_TIM14_IRQHandler
                0x08000618                TIM1_UP_TIM10_IRQHandler
                0x08000618                FMPI2C1_error_IRQHandler
                0x08000618                TIM8_UP_TIM13_IRQHandler
                0x08000618                I2C3_ER_IRQHandler
                0x08000618                EXTI0_IRQHandler
                0x08000618                I2C2_EV_IRQHandler
                0x08000618                DMA1_Stream2_IRQHandler
                0x08000618                CAN1_RX0_IRQHandler
                0x08000618                OTG_HS_WKUP_IRQHandler
                0x08000618                UsageFault_Handler
                0x08000618                CAN2_SCE_IRQHandler
                0x08000618                DMA2_Stream2_IRQHandler
                0x08000618                SPI1_IRQHandler
                0x08000618                TIM6_DAC_IRQHandler
                0x08000618                TIM1_BRK_TIM9_IRQHandler
                0x08000618                DCMI_IRQHandler
                0x08000618                CAN2_RX0_IRQHandler
                0x08000618                DMA2_Stream3_IRQHandler
                0x08000618                FMPI2C1_IRQHandler
                0x08000618                SAI2_IRQHandler
                0x08000618                USART6_IRQHandler
                0x08000618                USART3_IRQHandler
                0x08000618                CAN1_RX1_IRQHandler
                0x08000618                UART5_IRQHandler
                0x08000618                DMA2_Stream0_IRQHandler
                0x08000618                TIM4_IRQHandler
                0x08000618                I2C1_EV_IRQHandler
                0x08000618                HDMI_CEC_IRQHandler
                0x08000618                DMA1_Stream6_IRQHandler
                0x08000618                DMA1_Stream1_IRQHandler
                0x08000618                UART4_IRQHandler
                0x08000618                TIM3_IRQHandler
                0x08000618                RCC_IRQHandler
                0x08000618                TIM8_BRK_TIM12_IRQHandler
                0x08000618                Default_Handler
                0x08000618                EXTI15_10_IRQHandler
                0x08000618                ADC_IRQHandler
                0x08000618                DMA1_Stream7_IRQHandler
                0x08000618                TIM7_IRQHandler
                0x08000618                CAN2_TX_IRQHandler
                0x08000618                TIM5_IRQHandler
                0x08000618                DMA2_Stream7_IRQHandler
                0x08000618                I2C3_EV_IRQHandler
                0x08000618                EXTI9_5_IRQHandler
                0x08000618                RTC_WKUP_IRQHandler
                0x08000618                SPI2_IRQHandler
                0x08000618                OTG_HS_EP1_IN_IRQHandler
                0x08000618                MemManage_Handler
                0x08000618                DMA1_Stream0_IRQHandler
                0x08000618                CAN1_TX_IRQHandler
                0x08000618                SVC_Handler
                0x08000618                EXTI4_IRQHandler
                0x08000618                OTG_HS_EP1_OUT_IRQHandler
                0x08000618                WWDG_IRQHandler
                0x08000618                TIM2_IRQHandler
                0x08000618                OTG_FS_WKUP_IRQHandler
                0x08000618                TIM1_TRG_COM_TIM11_IRQHandler
                0x08000618                OTG_HS_IRQHandler
                0x08000618                EXTI1_IRQHandler
                0x08000618                USART2_IRQHandler
                0x08000618                I2C2_ER_IRQHandler
                0x08000618                DMA2_Stream1_IRQHandler
                0x08000618                CAN1_SCE_IRQHandler
                0x08000618                FLASH_IRQHandler
                0x08000618                DMA2_Stream4_IRQHandler
                0x08000618                BusFault_Handler
                0x08000618                USART1_IRQHandler
                0x08000618                OTG_FS_IRQHandler
                0x08000618                SPI3_IRQHandler
                0x08000618                DMA1_Stream4_IRQHandler
                0x08000618                I2C1_ER_IRQHandler
                0x08000618                FMC_IRQHandler
                0x08000618                DMA2_Stream6_IRQHandler
                0x08000618                SAI1_IRQHandler
                0x08000618                DMA1_Stream3_IRQHandler
 *fill*         0x0800061a        0x2 
 .text.__libc_init_array
                0x0800061c       0x48 /mnt/myssd/Programs/st/stm32cubeide_1.16.0/plugins/com.st.stm32cube.ide.mcu.externaltools.gnu-tools-for-stm32.12.3.rel1.linux64_1.0.200.202406132123/tools/bin/../lib/gcc/arm-none-eabi/12.3.1/../../../../arm-none-eabi/lib/thumb/v7e-m/nofp/libc_nano.a(libc_a-init.o)
                0x0800061c                __libc_init_array
 *(.glue_7)
 .glue_7        0x08000664        0x0 linker stubs
 *(.glue_7t)
 .glue_7t       0x08000664        0x0 linker stubs
 *(.eh_frame)
 .eh_frame      0x08000664        0x0 /mnt/myssd/Programs/st/stm32cubeide_1.16.0/plugins/com.st.stm32cube.ide.mcu.externaltools.gnu-tools-for-stm32.12.3.rel1.linux64_1.0.200.202406132123/tools/bin/../lib/gcc/arm-none-eabi/12.3.1/thumb/v7e-m/nofp/crtbegin.o
 *(.init)
 .init          0x08000664        0x4 /mnt/myssd/Programs/st/stm32cubeide_1.16.0/plugins/com.st.stm32cube.ide.mcu.externaltools.gnu-tools-for-stm32.12.3.rel1.linux64_1.0.200.202406132123/tools/bin/../lib/gcc/arm-none-eabi/12.3.1/thumb/v7e-m/nofp/crti.o
                0x08000664                _init
 .init          0x08000668        0x8 /mnt/myssd/Programs/st/stm32cubeide_1.16.0/plugins/com.st.stm32cube.ide.mcu.externaltools.gnu-tools-for-stm32.12.3.rel1.linux64_1.0.200.202406132123/tools/bin/../lib/gcc/arm-none-eabi/12.3.1/thumb/v7e-m/nofp/crtn.o
 *(.fini)
 .fini          0x08000670        0x4 /mnt/myssd/Programs/st/stm32cubeide_1.16.0/plugins/com.st.stm32cube.ide.mcu.externaltools.gnu-tools-for-stm32.12.3.rel1.linux64_1.0.200.202406132123/tools/bin/../lib/gcc/arm-none-eabi/12.3.1/thumb/v7e-m/nofp/crti.o
                0x08000670                _fini
 .fini          0x08000674        0x8 /mnt/myssd/Programs/st/stm32cubeide_1.16.0/plugins/com.st.stm32cube.ide.mcu.externaltools.gnu-tools-for-stm32.12.3.rel1.linux64_1.0.200.202406132123/tools/bin/../lib/gcc/arm-none-eabi/12.3.1/thumb/v7e-m/nofp/crtn.o
                0x0800067c                        . = ALIGN (0x4)
                0x0800067c                        _etext = .

.vfp11_veneer   0x0800067c        0x0
 .vfp11_veneer  0x0800067c        0x0 linker stubs

.v4_bx          0x0800067c        0x0
 .v4_bx         0x0800067c        0x0 linker stubs

.iplt           0x0800067c        0x0
 .iplt          0x0800067c        0x0 /mnt/myssd/Programs/st/stm32cubeide_1.16.0/plugins/com.st.stm32cube.ide.mcu.externaltools.gnu-tools-for-stm32.12.3.rel1.linux64_1.0.200.202406132123/tools/bin/../lib/gcc/arm-none-eabi/12.3.1/thumb/v7e-m/nofp/crtbegin.o

.rodata         0x0800067c        0x0
                0x0800067c                        . = ALIGN (0x4)
 *(.rodata)
 *(.rodata*)
                0x0800067c                        . = ALIGN (0x4)

.ARM.extab      0x0800067c        0x0
                0x0800067c                        . = ALIGN (0x4)
 *(.ARM.extab* .gnu.linkonce.armextab.*)
                0x0800067c                        . = ALIGN (0x4)

.ARM            0x0800067c        0x0
                0x0800067c                        . = ALIGN (0x4)
                0x0800067c                        __exidx_start = .
 *(.ARM.exidx*)
                0x0800067c                        __exidx_end = .
                0x0800067c                        . = ALIGN (0x4)

.preinit_array  0x0800067c        0x0
                0x0800067c                        . = ALIGN (0x4)
                0x0800067c                        PROVIDE (__preinit_array_start = .)
 *(.preinit_array*)
                0x0800067c                        PROVIDE (__preinit_array_end = .)
                0x0800067c                        . = ALIGN (0x4)

.init_array     0x0800067c        0x4
                0x0800067c                        . = ALIGN (0x4)
                0x0800067c                        PROVIDE (__init_array_start = .)
 *(SORT_BY_NAME(.init_array.*))
 *(.init_array*)
 .init_array    0x0800067c        0x4 /mnt/myssd/Programs/st/stm32cubeide_1.16.0/plugins/com.st.stm32cube.ide.mcu.externaltools.gnu-tools-for-stm32.12.3.rel1.linux64_1.0.200.202406132123/tools/bin/../lib/gcc/arm-none-eabi/12.3.1/thumb/v7e-m/nofp/crtbegin.o
                0x08000680                        PROVIDE (__init_array_end = .)
                0x08000680                        . = ALIGN (0x4)

.fini_array     0x08000680        0x4
                0x08000680                        . = ALIGN (0x4)
                [!provide]                        PROVIDE (__fini_array_start = .)
 *(SORT_BY_NAME(.fini_array.*))
 *(.fini_array*)
 .fini_array    0x08000680        0x4 /mnt/myssd/Programs/st/stm32cubeide_1.16.0/plugins/com.st.stm32cube.ide.mcu.externaltools.gnu-tools-for-stm32.12.3.rel1.linux64_1.0.200.202406132123/tools/bin/../lib/gcc/arm-none-eabi/12.3.1/thumb/v7e-m/nofp/crtbegin.o
                [!provide]                        PROVIDE (__fini_array_end = .)
                0x08000684                        . = ALIGN (0x4)
                0x08000684                        _sidata = LOADADDR (.data)

.rel.dyn        0x08000684        0x0
 .rel.iplt      0x08000684        0x0 /mnt/myssd/Programs/st/stm32cubeide_1.16.0/plugins/com.st.stm32cube.ide.mcu.externaltools.gnu-tools-for-stm32.12.3.rel1.linux64_1.0.200.202406132123/tools/bin/../lib/gcc/arm-none-eabi/12.3.1/thumb/v7e-m/nofp/crtbegin.o

.data           0x20000000        0x0 load address 0x08000684
                0x20000000                        . = ALIGN (0x4)
                0x20000000                        _sdata = .
 *(.data)
 *(.data*)
 *(.RamFunc)
 *(.RamFunc*)
                0x20000000                        . = ALIGN (0x4)
                0x20000000                        _edata = .

.igot.plt       0x20000000        0x0 load address 0x08000684
 .igot.plt      0x20000000        0x0 /mnt/myssd/Programs/st/stm32cubeide_1.16.0/plugins/com.st.stm32cube.ide.mcu.externaltools.gnu-tools-for-stm32.12.3.rel1.linux64_1.0.200.202406132123/tools/bin/../lib/gcc/arm-none-eabi/12.3.1/thumb/v7e-m/nofp/crtbegin.o
                0x20000000                        . = ALIGN (0x4)

.bss            0x20000000       0x1c load address 0x08000684
                0x20000000                        _sbss = .
                0x20000000                        __bss_start__ = _sbss
 *(.bss)
 .bss           0x20000000       0x1c /mnt/myssd/Programs/st/stm32cubeide_1.16.0/plugins/com.st.stm32cube.ide.mcu.externaltools.gnu-tools-for-stm32.12.3.rel1.linux64_1.0.200.202406132123/tools/bin/../lib/gcc/arm-none-eabi/12.3.1/thumb/v7e-m/nofp/crtbegin.o
 *(.bss*)
 *(COMMON)
                0x2000001c                        . = ALIGN (0x4)
                0x2000001c                        _ebss = .
                0x2000001c                        __bss_end__ = _ebss

._user_heap_stack
                0x2000001c      0x604 load address 0x08000684
                0x20000020                        . = ALIGN (0x8)
 *fill*         0x2000001c        0x4 
                [!provide]                        PROVIDE (end = .)
                0x20000020                        PROVIDE (_end = .)
                0x20000220                        . = (. + _Min_Heap_Size)
 *fill*         0x20000020      0x200 
                0x20000620                        . = (. + _Min_Stack_Size)
 *fill*         0x20000220      0x400 
                0x20000620                        . = ALIGN (0x8)

/DISCARD/
 libc.a(*)
 libm.a(*)
 libgcc.a(*)

.ARM.attributes
                0x00000000       0x2a
 *(.ARM.attributes)
 .ARM.attributes
                0x00000000       0x1e /mnt/myssd/Programs/st/stm32cubeide_1.16.0/plugins/com.st.stm32cube.ide.mcu.externaltools.gnu-tools-for-stm32.12.3.rel1.linux64_1.0.200.202406132123/tools/bin/../lib/gcc/arm-none-eabi/12.3.1/thumb/v7e-m/nofp/crti.o
 .ARM.attributes
                0x0000001e       0x2e /mnt/myssd/Programs/st/stm32cubeide_1.16.0/plugins/com.st.stm32cube.ide.mcu.externaltools.gnu-tools-for-stm32.12.3.rel1.linux64_1.0.200.202406132123/tools/bin/../lib/gcc/arm-none-eabi/12.3.1/thumb/v7e-m/nofp/crtbegin.o
 .ARM.attributes
                0x0000004c       0x2e ./Drivers/Src/stm32f446xx_gpio_driver.o
 .ARM.attributes
                0x0000007a       0x2e ./Src/001Led_Toggle.o
 .ARM.attributes
                0x000000a8       0x21 ./Startup/startup_stm32f446retx.o
 .ARM.attributes
                0x000000c9       0x2e /mnt/myssd/Programs/st/stm32cubeide_1.16.0/plugins/com.st.stm32cube.ide.mcu.externaltools.gnu-tools-for-stm32.12.3.rel1.linux64_1.0.200.202406132123/tools/bin/../lib/gcc/arm-none-eabi/12.3.1/../../../../arm-none-eabi/lib/thumb/v7e-m/nofp/libc_nano.a(libc_a-init.o)
 .ARM.attributes
                0x000000f7       0x1e /mnt/myssd/Programs/st/stm32cubeide_1.16.0/plugins/com.st.stm32cube.ide.mcu.externaltools.gnu-tools-for-stm32.12.3.rel1.linux64_1.0.200.202406132123/tools/bin/../lib/gcc/arm-none-eabi/12.3.1/thumb/v7e-m/nofp/crtn.o
OUTPUT(stm32f446xx_drivers.elf elf32-littlearm)
LOAD linker stubs
LOAD /mnt/myssd/Programs/st/stm32cubeide_1.16.0/plugins/com.st.stm32cube.ide.mcu.externaltools.gnu-tools-for-stm32.12.3.rel1.linux64_1.0.200.202406132123/tools/bin/../lib/gcc/arm-none-eabi/12.3.1/../../../../arm-none-eabi/lib/thumb/v7e-m/nofp/libc.a
LOAD /mnt/myssd/Programs/st/stm32cubeide_1.16.0/plugins/com.st.stm32cube.ide.mcu.externaltools.gnu-tools-for-stm32.12.3.rel1.linux64_1.0.200.202406132123/tools/bin/../lib/gcc/arm-none-eabi/12.3.1/../../../../arm-none-eabi/lib/thumb/v7e-m/nofp/libm.a
LOAD /mnt/myssd/Programs/st/stm32cubeide_1.16.0/plugins/com.st.stm32cube.ide.mcu.externaltools.gnu-tools-for-stm32.12.3.rel1.linux64_1.0.200.202406132123/tools/bin/../lib/gcc/arm-none-eabi/12.3.1/thumb/v7e-m/nofp/libgcc.a

.debug_info     0x00000000      0x8b5
 .debug_info    0x00000000      0x61c ./Drivers/Src/stm32f446xx_gpio_driver.o
 .debug_info    0x0000061c      0x269 ./Src/001Led_Toggle.o
 .debug_info    0x00000885       0x30 ./Startup/startup_stm32f446retx.o

.debug_abbrev   0x00000000      0x248
 .debug_abbrev  0x00000000      0x113 ./Drivers/Src/stm32f446xx_gpio_driver.o
 .debug_abbrev  0x00000113      0x111 ./Src/001Led_Toggle.o
 .debug_abbrev  0x00000224       0x24 ./Startup/startup_stm32f446retx.o

.debug_aranges  0x00000000       0xb8
 .debug_aranges
                0x00000000       0x68 ./Drivers/Src/stm32f446xx_gpio_driver.o
 .debug_aranges
                0x00000068       0x28 ./Src/001Led_Toggle.o
 .debug_aranges
                0x00000090       0x28 ./Startup/startup_stm32f446retx.o

.debug_rnglists
                0x00000000       0x7e
 .debug_rnglists
                0x00000000       0x4c ./Drivers/Src/stm32f446xx_gpio_driver.o
 .debug_rnglists
                0x0000004c       0x19 ./Src/001Led_Toggle.o
 .debug_rnglists
                0x00000065       0x19 ./Startup/startup_stm32f446retx.o

.debug_macro    0x00000000     0x1376
 .debug_macro   0x00000000       0x81 ./Drivers/Src/stm32f446xx_gpio_driver.o
 .debug_macro   0x00000081      0xab4 ./Drivers/Src/stm32f446xx_gpio_driver.o
 .debug_macro   0x00000b35       0x22 ./Drivers/Src/stm32f446xx_gpio_driver.o
 .debug_macro   0x00000b57       0x8e ./Drivers/Src/stm32f446xx_gpio_driver.o
 .debug_macro   0x00000be5       0x51 ./Drivers/Src/stm32f446xx_gpio_driver.o
 .debug_macro   0x00000c36      0x103 ./Drivers/Src/stm32f446xx_gpio_driver.o
 .debug_macro   0x00000d39       0x6a ./Drivers/Src/stm32f446xx_gpio_driver.o
 .debug_macro   0x00000da3      0x1df ./Drivers/Src/stm32f446xx_gpio_driver.o
 .debug_macro   0x00000f82      0x2ab ./Drivers/Src/stm32f446xx_gpio_driver.o
 .debug_macro   0x0000122d       0xc4 ./Drivers/Src/stm32f446xx_gpio_driver.o
 .debug_macro   0x000012f1       0x85 ./Src/001Led_Toggle.o

.debug_line     0x00000000      0xc23
 .debug_line    0x00000000      0x750 ./Drivers/Src/stm32f446xx_gpio_driver.o
 .debug_line    0x00000750      0x458 ./Src/001Led_Toggle.o
 .debug_line    0x00000ba8       0x7b ./Startup/startup_stm32f446retx.o

.debug_str      0x00000000     0x536b
 .debug_str     0x00000000     0x5302 ./Drivers/Src/stm32f446xx_gpio_driver.o
                               0x5486 (size before relaxing)
 .debug_str     0x00005302       0x2a ./Src/001Led_Toggle.o
                               0x525d (size before relaxing)
 .debug_str     0x0000532c       0x3f ./Startup/startup_stm32f446retx.o
                                 0x84 (size before relaxing)

.comment        0x00000000       0x43
 .comment       0x00000000       0x43 ./Drivers/Src/stm32f446xx_gpio_driver.o
                                 0x44 (size before relaxing)
 .comment       0x00000043       0x44 ./Src/001Led_Toggle.o

.debug_frame    0x00000000      0x224
 .debug_frame   0x00000000      0x1a0 ./Drivers/Src/stm32f446xx_gpio_driver.o
 .debug_frame   0x000001a0       0x58 ./Src/001Led_Toggle.o
 .debug_frame   0x000001f8       0x2c /mnt/myssd/Programs/st/stm32cubeide_1.16.0/plugins/com.st.stm32cube.ide.mcu.externaltools.gnu-tools-for-stm32.12.3.rel1.linux64_1.0.200.202406132123/tools/bin/../lib/gcc/arm-none-eabi/12.3.1/../../../../arm-none-eabi/lib/thumb/v7e-m/nofp/libc_nano.a(libc_a-init.o)

.debug_line_str
                0x00000000       0x68
 .debug_line_str
                0x00000000       0x68 ./Startup/startup_stm32f446retx.o
